// Jest Snapshot v1, https://goo.gl/fbAQLP

exports[`MainPage renders without crashing 1`] = `
ShallowWrapper {
  "length": 1,
  Symbol(enzyme.__root__): [Circular],
  Symbol(enzyme.__unrendered__): <MainPage
    error={null}
    isPending={false}
    onInitRobots={[Function]}
    onSearchFieldChange={[Function]}
    robots={Array []}
    searchField=""
/>,
  Symbol(enzyme.__renderer__): Object {
    "batchedUpdates": [Function],
    "getNode": [Function],
    "render": [Function],
    "simulateEvent": [Function],
    "unmount": [Function],
  },
  Symbol(enzyme.__node__): Object {
    "instance": null,
    "key": undefined,
    "nodeType": "host",
    "props": Object {
      "children": Array [
        <Header />,
        <searchBox
          searchChangeHandler={[Function]}
/>,
        <scroll>
          <ErrorBoundary />
</scroll>,
      ],
      "className": "tc",
    },
    "ref": null,
    "rendered": Array [
      Object {
        "instance": null,
        "key": undefined,
        "nodeType": "class",
        "props": Object {},
        "ref": null,
        "rendered": null,
        "type": [Function],
      },
      Object {
        "instance": null,
        "key": undefined,
        "nodeType": "function",
        "props": Object {
          "searchChangeHandler": [Function],
        },
        "ref": null,
        "rendered": null,
        "type": [Function],
      },
      Object {
        "instance": null,
        "key": undefined,
        "nodeType": "function",
        "props": Object {
          "children": <ErrorBoundary />,
        },
        "ref": null,
        "rendered": Object {
          "instance": null,
          "key": undefined,
          "nodeType": "class",
          "props": Object {
            "children": "",
          },
          "ref": null,
          "rendered": "",
          "type": [Function],
        },
        "type": [Function],
      },
    ],
    "type": "div",
  },
  Symbol(enzyme.__nodes__): Array [
    Object {
      "instance": null,
      "key": undefined,
      "nodeType": "host",
      "props": Object {
        "children": Array [
          <Header />,
          <searchBox
            searchChangeHandler={[Function]}
/>,
          <scroll>
            <ErrorBoundary />
</scroll>,
        ],
        "className": "tc",
      },
      "ref": null,
      "rendered": Array [
        Object {
          "instance": null,
          "key": undefined,
          "nodeType": "class",
          "props": Object {},
          "ref": null,
          "rendered": null,
          "type": [Function],
        },
        Object {
          "instance": null,
          "key": undefined,
          "nodeType": "function",
          "props": Object {
            "searchChangeHandler": [Function],
          },
          "ref": null,
          "rendered": null,
          "type": [Function],
        },
        Object {
          "instance": null,
          "key": undefined,
          "nodeType": "function",
          "props": Object {
            "children": <ErrorBoundary />,
          },
          "ref": null,
          "rendered": Object {
            "instance": null,
            "key": undefined,
            "nodeType": "class",
            "props": Object {
              "children": "",
            },
            "ref": null,
            "rendered": "",
            "type": [Function],
          },
          "type": [Function],
        },
      ],
      "type": "div",
    },
  ],
  Symbol(enzyme.__options__): Object {
    "adapter": ReactSixteenAdapter {
      "options": Object {
        "enableComponentDidUpdateOnSetState": true,
      },
    },
  },
}
`;
